2026-08-01 12:16:52.322 [info] Reading sessions from keychain...
2026-08-01 12:16:52.322 [info] Getting sessions for all scopes...
2026-08-01 12:16:52.352 [info] Got stored sessions!
2026-08-01 12:16:52.352 [info] Got 1 verified sessions.
2026-08-01 12:16:52.352 [info] Got 1 sessions for ...
2026-08-01 12:16:52.353 [info] Getting sessions for all scopes...
2026-08-01 12:16:52.353 [info] Got 1 sessions for ...
2026-08-01 12:16:52.353 [info] Getting sessions for all scopes...
2026-08-01 12:16:52.353 [info] Got 1 sessions for ...
2026-08-01 12:16:52.355 [info] Getting sessions for all scopes...
2026-08-01 12:16:52.355 [info] Got 1 sessions for ...
2026-08-01 12:16:52.373 [info] Getting sessions for all scopes...
2026-08-01 12:16:52.373 [info] Got 1 sessions for ...
2026-08-01 12:16:52.636 [info] Getting sessions for read:user,user:email...
2026-08-01 12:16:52.636 [info] Got 0 sessions for read:user,user:email...
2026-08-01 12:16:52.638 [info] Getting sessions for all scopes...
2026-08-01 12:16:52.638 [info] Got 1 sessions for ...
2026-08-01 12:16:52.656 [info] Getting sessions for repo...
2026-08-01 12:16:52.656 [info] Got 0 sessions for repo...
2026-08-01 12:16:52.656 [info] Getting sessions for all scopes...
2026-08-01 12:16:52.656 [info] Got 1 sessions for ...
2026-08-01 12:16:52.658 [info] Getting sessions for read:user,user:email...
2026-08-01 12:16:52.658 [info] Got 0 sessions for read:user,user:email...
2026-08-01 12:16:52.658 [info] Getting sessions for all scopes...
2026-08-01 12:16:52.658 [info] Got 1 sessions for ...
2026-08-01 12:16:52.658 [info] Getting sessions for repo...
2026-08-01 12:16:52.658 [info] Got 0 sessions for repo...
2026-08-01 12:16:52.658 [info] Getting sessions for all scopes...
2026-08-01 12:16:52.658 [info] Got 1 sessions for ...
2026-08-01 12:16:53.736 [info] FetcherService: Electron fetch failed with status: 429 
2026-08-01 12:16:53.741 [info] Unable to resolve optional EDU details. Status: 429 
2026-08-01 12:16:54.582 [info] Getting sessions for all scopes...
2026-08-01 12:16:54.582 [info] Got 1 sessions for ...
2026-08-01 12:16:56.391 [info] Getting sessions for read:user,user:email...
2026-08-01 12:16:56.391 [info] Got 0 sessions for read:user,user:email...
2026-08-01 12:16:56.394 [info] Getting sessions for all scopes...
2026-08-01 12:16:56.394 [info] Got 1 sessions for ...
2026-08-01 12:16:56.395 [info] Getting sessions for repo...
2026-08-01 12:16:56.395 [info] Got 0 sessions for repo...
2026-08-01 12:16:56.395 [info] Getting sessions for all scopes...
2026-08-01 12:16:56.395 [info] Got 1 sessions for ...
2026-08-01 12:16:56.395 [info] Getting sessions for read:user,user:email...
2026-08-01 12:16:56.395 [info] Got 0 sessions for read:user,user:email...
2026-08-01 12:16:56.395 [info] Getting sessions for all scopes...
2026-08-01 12:16:56.395 [info] Got 1 sessions for ...
2026-08-01 12:16:56.395 [info] Getting sessions for repo...
2026-08-01 12:16:56.395 [info] Got 0 sessions for repo...
2026-08-01 12:16:56.395 [info] Getting sessions for all scopes...
2026-08-01 12:16:56.395 [info] Got 1 sessions for ...
2026-08-01 13:16:53.088 [info] Getting sessions for all scopes...
2026-08-01 13:16:53.088 [info] Got 1 sessions for ...
2026-08-01 13:16:53.088 [info] Getting sessions for all scopes...
2026-08-01 13:16:53.088 [info] Got 1 sessions for ...
2026-08-01 13:16:55.324 [info] Getting sessions for read:user,user:email...
2026-08-01 13:16:55.324 [info] Got 0 sessions for read:user,user:email...
2026-08-01 13:16:55.324 [info] Getting sessions for read:user,user:email...
2026-08-01 13:16:55.324 [info] Got 0 sessions for read:user,user:email...
2026-08-01 13:16:55.325 [info] Getting sessions for all scopes...
2026-08-01 13:16:55.325 [info] Got 1 sessions for ...
2026-08-01 13:16:55.325 [info] Getting sessions for all scopes...
2026-08-01 13:16:55.325 [info] Got 1 sessions for ...
2026-08-01 13:16:55.325 [info] Getting sessions for repo...
2026-08-01 13:16:55.325 [info] Got 0 sessions for repo...
2026-08-01 13:16:55.325 [info] Getting sessions for repo...
2026-08-01 13:16:55.325 [info] Got 0 sessions for repo...
2026-08-01 13:16:55.325 [info] Getting sessions for all scopes...
2026-08-01 13:16:55.325 [info] Got 1 sessions for ...
2026-08-01 13:16:55.326 [info] Getting sessions for all scopes...
2026-08-01 13:16:55.326 [info] Got 1 sessions for ...
2026-08-01 13:16:55.326 [info] Getting sessions for read:user,user:email...
2026-08-01 13:16:55.326 [info] Got 0 sessions for read:user,user:email...
2026-08-01 13:16:55.326 [info] Getting sessions for read:user,user:email...
2026-08-01 13:16:55.326 [info] Got 0 sessions for read:user,user:email...
2026-08-01 13:16:55.326 [info] Getting sessions for all scopes...
2026-08-01 13:16:55.326 [info] Got 1 sessions for ...
2026-08-01 13:16:55.326 [info] Getting sessions for all scopes...
2026-08-01 13:16:55.326 [info] Got 1 sessions for ...
2026-08-01 13:16:55.326 [info] Getting sessions for repo...
2026-08-01 13:16:55.326 [info] Got 0 sessions for repo...
2026-08-01 13:16:55.326 [info] Getting sessions for repo...
2026-08-01 13:16:55.326 [info] Got 0 sessions for repo...
2026-08-01 13:16:55.326 [info] Getting sessions for all scopes...
2026-08-01 13:16:55.326 [info] Got 1 sessions for ...
2026-08-01 13:16:55.326 [info] Getting sessions for all scopes...
2026-08-01 13:16:55.326 [info] Got 1 sessions for ...
2026-08-01 17:48:07.395 [info] Getting sessions for all scopes...
2026-08-01 17:48:07.395 [info] Got 1 sessions for ...
2026-08-01 17:48:07.395 [info] Getting sessions for all scopes...
2026-08-01 17:48:07.395 [info] Got 1 sessions for ...
2026-08-01 17:48:09.309 [info] Getting sessions for read:user,user:email...
2026-08-01 17:48:09.309 [info] Got 0 sessions for read:user,user:email...
2026-08-01 17:48:09.309 [info] Getting sessions for read:user,user:email...
2026-08-01 17:48:09.309 [info] Got 0 sessions for read:user,user:email...
2026-08-01 17:48:09.310 [info] Getting sessions for all scopes...
2026-08-01 17:48:09.310 [info] Got 1 sessions for ...
2026-08-01 17:48:09.310 [info] Getting sessions for all scopes...
2026-08-01 17:48:09.310 [info] Got 1 sessions for ...
2026-08-01 17:48:09.310 [info] Getting sessions for repo...
2026-08-01 17:48:09.310 [info] Got 0 sessions for repo...
2026-08-01 17:48:09.310 [info] Getting sessions for repo...
2026-08-01 17:48:09.310 [info] Got 0 sessions for repo...
2026-08-01 17:48:09.311 [info] Getting sessions for all scopes...
2026-08-01 17:48:09.311 [info] Got 1 sessions for ...
2026-08-01 17:48:09.311 [info] Getting sessions for all scopes...
2026-08-01 17:48:09.311 [info] Got 1 sessions for ...
2026-08-01 17:48:09.311 [info] Getting sessions for read:user,user:email...
2026-08-01 17:48:09.311 [info] Got 0 sessions for read:user,user:email...
2026-08-01 17:48:09.311 [info] Getting sessions for read:user,user:email...
2026-08-01 17:48:09.311 [info] Got 0 sessions for read:user,user:email...
2026-08-01 17:48:09.311 [info] Getting sessions for all scopes...
2026-08-01 17:48:09.311 [info] Got 1 sessions for ...
2026-08-01 17:48:09.311 [info] Getting sessions for all scopes...
2026-08-01 17:48:09.311 [info] Got 1 sessions for ...
2026-08-01 17:48:09.311 [info] Getting sessions for repo...
2026-08-01 17:48:09.311 [info] Got 0 sessions for repo...
2026-08-01 17:48:09.311 [info] Getting sessions for repo...
2026-08-01 17:48:09.311 [info] Got 0 sessions for repo...
2026-08-01 17:48:09.311 [info] Getting sessions for all scopes...
2026-08-01 17:48:09.311 [info] Got 1 sessions for ...
2026-08-01 17:48:09.311 [info] Getting sessions for all scopes...
2026-08-01 17:48:09.311 [info] Got 1 sessions for ...
2026-08-01 17:48:10.174 [info] Getting sessions for all scopes...
2026-08-01 17:48:10.174 [info] Got 1 sessions for ...
2026-08-01 17:48:10.174 [info] Getting sessions for all scopes...
2026-08-01 17:48:10.174 [info] Got 1 sessions for ...
2026-08-01 20:15:22.729 [info] Getting sessions for all scopes...
2026-08-01 20:15:22.730 [info] Got 1 sessions for ...
2026-08-01 20:15:22.730 [info] Getting sessions for all scopes...
2026-08-01 20:15:22.730 [info] Got 1 sessions for ...
2026-08-01 20:15:25.036 [info] Getting sessions for read:user,user:email...
2026-08-01 20:15:25.036 [info] Got 0 sessions for read:user,user:email...
2026-08-01 20:15:25.036 [info] Getting sessions for read:user,user:email...
2026-08-01 20:15:25.036 [info] Got 0 sessions for read:user,user:email...
2026-08-01 20:15:25.036 [info] Getting sessions for all scopes...
2026-08-01 20:15:25.036 [info] Got 1 sessions for ...
2026-08-01 20:15:25.036 [info] Getting sessions for all scopes...
2026-08-01 20:15:25.036 [info] Got 1 sessions for ...
2026-08-01 20:15:25.036 [info] Getting sessions for repo...
2026-08-01 20:15:25.036 [info] Got 0 sessions for repo...
2026-08-01 20:15:25.036 [info] Getting sessions for repo...
2026-08-01 20:15:25.036 [info] Got 0 sessions for repo...
2026-08-01 20:15:25.036 [info] Getting sessions for all scopes...
2026-08-01 20:15:25.036 [info] Got 1 sessions for ...
2026-08-01 20:15:25.036 [info] Getting sessions for all scopes...
2026-08-01 20:15:25.036 [info] Got 1 sessions for ...
2026-08-01 20:15:25.036 [info] Getting sessions for read:user,user:email...
2026-08-01 20:15:25.036 [info] Got 0 sessions for read:user,user:email...
2026-08-01 20:15:25.036 [info] Getting sessions for read:user,user:email...
2026-08-01 20:15:25.036 [info] Got 0 sessions for read:user,user:email...
2026-08-01 20:15:25.036 [info] Getting sessions for all scopes...
2026-08-01 20:15:25.036 [info] Got 1 sessions for ...
2026-08-01 20:15:25.037 [info] Getting sessions for all scopes...
2026-08-01 20:15:25.037 [info] Got 1 sessions for ...
2026-08-01 20:15:25.037 [info] Getting sessions for repo...
2026-08-01 20:15:25.037 [info] Got 0 sessions for repo...
2026-08-01 20:15:25.037 [info] Getting sessions for repo...
2026-08-01 20:15:25.037 [info] Got 0 sessions for repo...
2026-08-01 20:15:25.037 [info] Getting sessions for all scopes...
2026-08-01 20:15:25.037 [info] Got 1 sessions for ...
2026-08-01 20:15:25.037 [info] Getting sessions for all scopes...
2026-08-01 20:15:25.037 [info] Got 1 sessions for ...
2026-08-01 20:28:56.558 [info] Getting sessions for all scopes...
2026-08-01 20:28:56.558 [info] Got 1 sessions for ...
2026-08-01 20:28:56.559 [info] Getting sessions for all scopes...
2026-08-01 20:28:56.559 [info] Got 1 sessions for ...
2026-08-01 21:38:24.820 [info] Getting sessions for all scopes...
2026-08-01 21:38:24.820 [info] Got 1 sessions for ...
2026-08-01 21:38:24.820 [info] Getting sessions for all scopes...
2026-08-01 21:38:24.820 [info] Got 1 sessions for ...
2026-08-01 21:38:27.363 [info] Getting sessions for read:user,user:email...
2026-08-01 21:38:27.363 [info] Got 0 sessions for read:user,user:email...
2026-08-01 21:38:27.363 [info] Getting sessions for read:user,user:email...
2026-08-01 21:38:27.363 [info] Got 0 sessions for read:user,user:email...
2026-08-01 21:38:27.363 [info] Getting sessions for all scopes...
2026-08-01 21:38:27.363 [info] Got 1 sessions for ...
2026-08-01 21:38:27.363 [info] Getting sessions for all scopes...
2026-08-01 21:38:27.363 [info] Got 1 sessions for ...
2026-08-01 21:38:27.364 [info] Getting sessions for repo...
2026-08-01 21:38:27.364 [info] Got 0 sessions for repo...
2026-08-01 21:38:27.364 [info] Getting sessions for repo...
2026-08-01 21:38:27.364 [info] Got 0 sessions for repo...
2026-08-01 21:38:27.364 [info] Getting sessions for all scopes...
2026-08-01 21:38:27.364 [info] Got 1 sessions for ...
2026-08-01 21:38:27.364 [info] Getting sessions for all scopes...
2026-08-01 21:38:27.364 [info] Got 1 sessions for ...
2026-08-01 21:38:27.364 [info] Getting sessions for read:user,user:email...
2026-08-01 21:38:27.364 [info] Got 0 sessions for read:user,user:email...
2026-08-01 21:38:27.364 [info] Getting sessions for read:user,user:email...
2026-08-01 21:38:27.364 [info] Got 0 sessions for read:user,user:email...
2026-08-01 21:38:27.364 [info] Getting sessions for all scopes...
2026-08-01 21:38:27.364 [info] Got 1 sessions for ...
2026-08-01 21:38:27.364 [info] Getting sessions for all scopes...
2026-08-01 21:38:27.364 [info] Got 1 sessions for ...
2026-08-01 21:38:27.364 [info] Getting sessions for repo...
2026-08-01 21:38:27.364 [info] Got 0 sessions for repo...
2026-08-01 21:38:27.364 [info] Getting sessions for repo...
2026-08-01 21:38:27.364 [info] Got 0 sessions for repo...
2026-08-01 21:38:27.364 [info] Getting sessions for all scopes...
2026-08-01 21:38:27.364 [info] Got 1 sessions for ...
2026-08-01 21:38:27.364 [info] Getting sessions for all scopes...
2026-08-01 21:38:27.364 [info] Got 1 sessions for ...
2026-08-02 16:22:33.407 [info] Getting sessions for all scopes...
2026-08-02 16:22:33.407 [info] Got 1 sessions for ...
2026-08-02 16:22:33.407 [info] Getting sessions for all scopes...
2026-08-02 16:22:33.407 [info] Got 1 sessions for ...
2026-08-02 16:22:35.517 [info] Getting sessions for read:user,user:email...
2026-08-02 16:22:35.517 [info] Got 0 sessions for read:user,user:email...
2026-08-02 16:22:35.517 [info] Getting sessions for read:user,user:email...
2026-08-02 16:22:35.517 [info] Got 0 sessions for read:user,user:email...
2026-08-02 16:22:35.518 [info] Getting sessions for all scopes...
2026-08-02 16:22:35.518 [info] Got 1 sessions for ...
2026-08-02 16:22:35.518 [info] Getting sessions for all scopes...
2026-08-02 16:22:35.518 [info] Got 1 sessions for ...
2026-08-02 16:22:35.518 [info] Getting sessions for repo...
2026-08-02 16:22:35.518 [info] Got 0 sessions for repo...
2026-08-02 16:22:35.518 [info] Getting sessions for repo...
2026-08-02 16:22:35.518 [info] Got 0 sessions for repo...
2026-08-02 16:22:35.518 [info] Getting sessions for all scopes...
2026-08-02 16:22:35.518 [info] Got 1 sessions for ...
2026-08-02 16:22:35.518 [info] Getting sessions for all scopes...
2026-08-02 16:22:35.518 [info] Got 1 sessions for ...
2026-08-02 16:22:35.518 [info] Getting sessions for read:user,user:email...
2026-08-02 16:22:35.518 [info] Got 0 sessions for read:user,user:email...
2026-08-02 16:22:35.518 [info] Getting sessions for read:user,user:email...
2026-08-02 16:22:35.518 [info] Got 0 sessions for read:user,user:email...
2026-08-02 16:22:35.518 [info] Getting sessions for all scopes...
2026-08-02 16:22:35.518 [info] Got 1 sessions for ...
2026-08-02 16:22:35.519 [info] Getting sessions for all scopes...
2026-08-02 16:22:35.519 [info] Got 1 sessions for ...
2026-08-02 16:22:35.519 [info] Getting sessions for repo...
2026-08-02 16:22:35.519 [info] Got 0 sessions for repo...
2026-08-02 16:22:35.519 [info] Getting sessions for repo...
2026-08-02 16:22:35.519 [info] Got 0 sessions for repo...
2026-08-02 16:22:35.519 [info] Getting sessions for all scopes...
2026-08-02 16:22:35.519 [info] Got 1 sessions for ...
2026-08-02 16:22:35.519 [info] Getting sessions for all scopes...
2026-08-02 16:22:35.519 [info] Got 1 sessions for ...
2026-08-02 17:53:20.329 [info] Getting sessions for all scopes...
2026-08-02 17:53:20.329 [info] Got 1 sessions for ...
2026-08-02 17:53:20.329 [info] Getting sessions for all scopes...
2026-08-02 17:53:20.329 [info] Got 1 sessions for ...
2026-08-02 17:53:22.692 [info] Getting sessions for read:user,user:email...
2026-08-02 17:53:22.692 [info] Got 0 sessions for read:user,user:email...
2026-08-02 17:53:22.693 [info] Getting sessions for read:user,user:email...
2026-08-02 17:53:22.693 [info] Got 0 sessions for read:user,user:email...
2026-08-02 17:53:22.693 [info] Getting sessions for all scopes...
2026-08-02 17:53:22.693 [info] Got 1 sessions for ...
2026-08-02 17:53:22.693 [info] Getting sessions for all scopes...
2026-08-02 17:53:22.693 [info] Got 1 sessions for ...
2026-08-02 17:53:22.693 [info] Getting sessions for repo...
2026-08-02 17:53:22.693 [info] Got 0 sessions for repo...
2026-08-02 17:53:22.693 [info] Getting sessions for repo...
2026-08-02 17:53:22.693 [info] Got 0 sessions for repo...
2026-08-02 17:53:22.693 [info] Getting sessions for all scopes...
2026-08-02 17:53:22.693 [info] Got 1 sessions for ...
2026-08-02 17:53:22.693 [info] Getting sessions for all scopes...
2026-08-02 17:53:22.693 [info] Got 1 sessions for ...
2026-08-02 17:53:22.693 [info] Getting sessions for read:user,user:email...
2026-08-02 17:53:22.693 [info] Got 0 sessions for read:user,user:email...
2026-08-02 17:53:22.693 [info] Getting sessions for read:user,user:email...
2026-08-02 17:53:22.693 [info] Got 0 sessions for read:user,user:email...
2026-08-02 17:53:22.693 [info] Getting sessions for all scopes...
2026-08-02 17:53:22.693 [info] Got 1 sessions for ...
2026-08-02 17:53:22.693 [info] Getting sessions for all scopes...
2026-08-02 17:53:22.694 [info] Got 1 sessions for ...
2026-08-02 17:53:22.694 [info] Getting sessions for repo...
2026-08-02 17:53:22.694 [info] Got 0 sessions for repo...
2026-08-02 17:53:22.694 [info] Getting sessions for repo...
2026-08-02 17:53:22.694 [info] Got 0 sessions for repo...
2026-08-02 17:53:22.694 [info] Getting sessions for all scopes...
2026-08-02 17:53:22.694 [info] Got 1 sessions for ...
2026-08-02 17:53:22.694 [info] Getting sessions for all scopes...
2026-08-02 17:53:22.694 [info] Got 1 sessions for ...
2026-08-02 18:49:32.245 [info] Getting sessions for all scopes...
2026-08-02 18:49:32.245 [info] Got 1 sessions for ...
2026-08-02 18:49:32.245 [info] Getting sessions for all scopes...
2026-08-02 18:49:32.245 [info] Got 1 sessions for ...
2026-08-02 21:59:53.750 [info] Getting sessions for all scopes...
2026-08-02 21:59:53.750 [info] Got 1 sessions for ...
2026-08-02 21:59:53.750 [info] Getting sessions for all scopes...
2026-08-02 21:59:53.750 [info] Got 1 sessions for ...
2026-08-02 21:59:55.963 [info] Getting sessions for read:user,user:email...
2026-08-02 21:59:55.963 [info] Got 0 sessions for read:user,user:email...
2026-08-02 21:59:55.963 [info] Getting sessions for read:user,user:email...
2026-08-02 21:59:55.963 [info] Got 0 sessions for read:user,user:email...
2026-08-02 21:59:55.963 [info] Getting sessions for all scopes...
2026-08-02 21:59:55.963 [info] Got 1 sessions for ...
2026-08-02 21:59:55.963 [info] Getting sessions for all scopes...
2026-08-02 21:59:55.963 [info] Got 1 sessions for ...
2026-08-02 21:59:55.963 [info] Getting sessions for repo...
2026-08-02 21:59:55.963 [info] Got 0 sessions for repo...
2026-08-02 21:59:55.963 [info] Getting sessions for repo...
2026-08-02 21:59:55.963 [info] Got 0 sessions for repo...
2026-08-02 21:59:55.964 [info] Getting sessions for all scopes...
2026-08-02 21:59:55.964 [info] Got 1 sessions for ...
2026-08-02 21:59:55.964 [info] Getting sessions for all scopes...
2026-08-02 21:59:55.964 [info] Got 1 sessions for ...
2026-08-02 21:59:55.964 [info] Getting sessions for read:user,user:email...
2026-08-02 21:59:55.964 [info] Got 0 sessions for read:user,user:email...
2026-08-02 21:59:55.964 [info] Getting sessions for read:user,user:email...
2026-08-02 21:59:55.964 [info] Got 0 sessions for read:user,user:email...
2026-08-02 21:59:55.964 [info] Getting sessions for all scopes...
2026-08-02 21:59:55.964 [info] Got 1 sessions for ...
2026-08-02 21:59:55.964 [info] Getting sessions for all scopes...
2026-08-02 21:59:55.964 [info] Got 1 sessions for ...
2026-08-02 21:59:55.964 [info] Getting sessions for repo...
2026-08-02 21:59:55.964 [info] Got 0 sessions for repo...
2026-08-02 21:59:55.964 [info] Getting sessions for repo...
2026-08-02 21:59:55.964 [info] Got 0 sessions for repo...
2026-08-02 21:59:55.964 [info] Getting sessions for all scopes...
2026-08-02 21:59:55.964 [info] Got 1 sessions for ...
2026-08-02 21:59:55.964 [info] Getting sessions for all scopes...
2026-08-02 21:59:55.964 [info] Got 1 sessions for ...
2026-08-02 22:01:47.854 [info] Getting sessions for all scopes...
2026-08-02 22:01:47.854 [info] Got 1 sessions for ...
2026-08-02 22:01:47.854 [info] Getting sessions for all scopes...
2026-08-02 22:01:47.854 [info] Got 1 sessions for ...
2026-08-03 15:29:53.836 [info] Getting sessions for all scopes...
2026-08-03 15:29:53.836 [info] Got 1 sessions for ...
2026-08-03 15:29:53.836 [info] Getting sessions for all scopes...
2026-08-03 15:29:53.836 [info] Got 1 sessions for ...
2026-08-03 15:29:56.322 [info] Getting sessions for read:user,user:email...
2026-08-03 15:29:56.322 [info] Got 0 sessions for read:user,user:email...
2026-08-03 15:29:56.322 [info] Getting sessions for read:user,user:email...
2026-08-03 15:29:56.322 [info] Got 0 sessions for read:user,user:email...
2026-08-03 15:29:56.323 [info] Getting sessions for all scopes...
2026-08-03 15:29:56.323 [info] Got 1 sessions for ...
2026-08-03 15:29:56.323 [info] Getting sessions for all scopes...
2026-08-03 15:29:56.323 [info] Got 1 sessions for ...
2026-08-03 15:29:56.323 [info] Getting sessions for repo...
2026-08-03 15:29:56.323 [info] Got 0 sessions for repo...
2026-08-03 15:29:56.323 [info] Getting sessions for repo...
2026-08-03 15:29:56.323 [info] Got 0 sessions for repo...
2026-08-03 15:29:56.323 [info] Getting sessions for all scopes...
2026-08-03 15:29:56.323 [info] Got 1 sessions for ...
2026-08-03 15:29:56.324 [info] Getting sessions for all scopes...
2026-08-03 15:29:56.324 [info] Got 1 sessions for ...
2026-08-03 15:29:56.324 [info] Getting sessions for read:user,user:email...
2026-08-03 15:29:56.324 [info] Got 0 sessions for read:user,user:email...
2026-08-03 15:29:56.324 [info] Getting sessions for read:user,user:email...
2026-08-03 15:29:56.324 [info] Got 0 sessions for read:user,user:email...
2026-08-03 15:29:56.324 [info] Getting sessions for all scopes...
2026-08-03 15:29:56.324 [info] Got 1 sessions for ...
2026-08-03 15:29:56.324 [info] Getting sessions for all scopes...
2026-08-03 15:29:56.324 [info] Got 1 sessions for ...
2026-08-03 15:29:56.324 [info] Getting sessions for repo...
2026-08-03 15:29:56.324 [info] Got 0 sessions for repo...
2026-08-03 15:29:56.324 [info] Getting sessions for repo...
2026-08-03 15:29:56.324 [info] Got 0 sessions for repo...
2026-08-03 15:29:56.324 [info] Getting sessions for all scopes...
2026-08-03 15:29:56.324 [info] Got 1 sessions for ...
2026-08-03 15:29:56.324 [info] Getting sessions for all scopes...
2026-08-03 15:29:56.324 [info] Got 1 sessions for ...
2026-08-03 15:41:13.653 [info] Getting sessions for all scopes...
2026-08-03 15:41:13.653 [info] Got 1 sessions for ...
2026-08-03 15:41:13.654 [info] Getting sessions for all scopes...
2026-08-03 15:41:13.654 [info] Got 1 sessions for ...
2026-08-03 15:43:49.227 [info] Getting sessions for all scopes...
2026-08-03 15:43:49.227 [info] Got 1 sessions for ...
2026-08-03 15:43:49.227 [info] Getting sessions for all scopes...
2026-08-03 15:43:49.227 [info] Got 1 sessions for ...
2026-08-03 15:46:45.726 [info] Getting sessions for all scopes...
2026-08-03 15:46:45.726 [info] Got 1 sessions for ...
2026-08-03 15:46:45.727 [info] Getting sessions for all scopes...
2026-08-03 15:46:45.727 [info] Got 1 sessions for ...
2026-08-03 15:47:57.584 [info] Getting sessions for all scopes...
2026-08-03 15:47:57.584 [info] Got 1 sessions for ...
2026-08-03 15:47:57.584 [info] Getting sessions for all scopes...
2026-08-03 15:47:57.584 [info] Got 1 sessions for ...
2026-08-03 15:50:03.081 [info] Getting sessions for all scopes...
2026-08-03 15:50:03.081 [info] Got 1 sessions for ...
2026-08-03 15:50:03.081 [info] Getting sessions for all scopes...
2026-08-03 15:50:03.081 [info] Got 1 sessions for ...
2026-08-03 15:53:06.515 [info] Getting sessions for all scopes...
2026-08-03 15:53:06.515 [info] Got 1 sessions for ...
2026-08-03 15:53:06.515 [info] Getting sessions for all scopes...
2026-08-03 15:53:06.515 [info] Got 1 sessions for ...
2026-08-03 15:53:09.575 [info] Getting sessions for all scopes...
2026-08-03 15:53:09.575 [info] Got 1 sessions for ...
2026-08-03 15:53:09.575 [info] Getting sessions for all scopes...
2026-08-03 15:53:09.575 [info] Got 1 sessions for ...
