2026-08-01 08:27:51.676 [info] Configuration changed
2026-08-01 08:27:51.784 [info] Configuration changed
2026-08-01 08:29:21.529 [info] /home/leo/.config/Code/User/settings.json closed
2026-08-01 08:29:21.536 [info] Configuration changed
2026-08-01 08:32:16.465 [info] Active editor: untitled:Untitled-1
2026-08-01 08:32:19.798 [info] Untitled-1 closed
2026-08-01 08:32:41.301 [info] Configuration changed
2026-08-01 08:32:41.326 [info] Configuration changed
2026-08-01 08:32:41.328 [info] Configuration changed
2026-08-01 08:32:41.336 [info] Configuration changed
2026-08-01 08:32:41.348 [info] Configuration changed
2026-08-01 08:32:41.482 [info] Configuration changed
2026-08-01 08:32:43.006 [info] Configuration changed
2026-08-01 08:32:43.318 [info] Configuration changed
2026-08-01 08:32:48.615 [info] Active editor: file:///home/leo/.config/quickshell/my%20Shell/shell.qml
2026-08-01 12:10:21.912 [info] Active editor: file:///home/leo/.config/quickshell/my%20Shell/Bar.qml
2026-08-01 12:10:28.389 [info] Active editor: file:///home/leo/.config/quickshell/my%20Shell/shell.qml
2026-08-01 12:10:48.885 [info] Active editor: file:///home/leo/.config/quickshell/my%20Shell/Bar.qml
2026-08-01 12:10:50.948 [info] Active editor: file:///home/leo/.config/quickshell/my%20Shell/shell.qml
2026-08-01 12:13:30.785 [info] Active editor: file:///home/leo/.config/quickshell/my%20Shell/Bar.qml
2026-08-01 12:14:19.089 [info] Active editor: file:///home/leo/.config/quickshell/my%20Shell/ClockWidget.qml
2026-08-01 12:14:32.319 [info] Active editor: file:///home/leo/.config/quickshell/my%20Shell/Bar.qml
2026-08-01 12:14:33.299 [info] Active editor: file:///home/leo/.config/quickshell/my%20Shell/.qmlls.ini
2026-08-01 12:14:34.336 [info] Active editor: file:///home/leo/.config/quickshell/my%20Shell/shell.qml
2026-08-01 12:15:47.038 [info] Active editor: file:///home/leo/.config/quickshell/my%20Shell/Bar.qml
