2026-08-01 08:26:36.592 [info] Reading sessions from keychain...
2026-08-01 08:26:36.592 [info] Getting sessions for all scopes...
2026-08-01 08:26:36.592 [info] Got 0 sessions for ...
2026-08-01 08:26:36.592 [info] Getting sessions for all scopes...
2026-08-01 08:26:36.592 [info] Got 0 sessions for ...
2026-08-01 08:26:36.592 [info] Getting sessions for all scopes...
2026-08-01 08:26:36.592 [info] Got 0 sessions for ...
2026-08-01 08:26:36.592 [info] Getting sessions for all scopes...
2026-08-01 08:26:36.592 [info] Got 0 sessions for ...
2026-08-01 08:26:36.592 [info] Getting sessions for all scopes...
2026-08-01 08:26:36.592 [info] Got 0 sessions for ...
2026-08-01 08:26:38.399 [info] Getting sessions for all scopes...
2026-08-01 08:26:38.399 [info] Got 0 sessions for ...
2026-08-01 08:26:47.471 [info] Logging in with 'any' account...
2026-08-01 08:26:47.471 [info] Logging in for the following scopes: read:user repo user:email workflow
2026-08-01 08:26:47.480 [info] Trying with local server... (read:user repo user:email workflow)
2026-08-01 08:26:51.558 [info] Exchanging code for token...
2026-08-01 08:26:52.248 [info] Token exchange success!
2026-08-01 08:26:52.248 [info] Getting user info...
2026-08-01 08:26:52.773 [info] Got account info!
2026-08-01 08:26:52.773 [info] Storing 1 sessions...
2026-08-01 08:26:53.205 [info] FetcherService: Electron fetch failed with status: 429 
2026-08-01 08:26:53.205 [info] Unable to resolve optional EDU details. Status: 429 
2026-08-01 08:27:05.044 [info] Reading sessions from keychain...
2026-08-01 08:27:05.044 [info] Stored 1 sessions!
2026-08-01 08:27:05.044 [info] Login success!
2026-08-01 08:27:05.045 [info] Got stored sessions!
2026-08-01 08:27:05.045 [info] Got 1 verified sessions.
2026-08-01 08:27:05.145 [info] Getting sessions for all scopes...
2026-08-01 08:27:05.145 [info] Got 1 sessions for ...
2026-08-01 08:27:05.145 [info] Getting sessions for all scopes...
2026-08-01 08:27:05.145 [info] Got 1 sessions for ...
2026-08-01 08:27:07.969 [info] Getting sessions for all scopes...
2026-08-01 08:27:07.969 [info] Got 1 sessions for ...
2026-08-01 08:27:07.969 [info] Getting sessions for all scopes...
2026-08-01 08:27:07.969 [info] Got 1 sessions for ...
2026-08-01 08:27:08.265 [info] Getting sessions for all scopes...
2026-08-01 08:27:08.265 [info] Got 1 sessions for ...
2026-08-01 08:27:08.267 [info] Getting sessions for read:user,repo,user:email,workflow...
2026-08-01 08:27:08.267 [info] Got 1 sessions for read:user,repo,user:email,workflow...
2026-08-01 08:27:08.529 [info] Getting sessions for all scopes...
2026-08-01 08:27:08.529 [info] Got 1 sessions for ...
2026-08-01 08:27:08.529 [info] Getting sessions for all scopes...
2026-08-01 08:27:08.529 [info] Got 1 sessions for ...
2026-08-01 08:27:08.535 [info] Getting sessions for read:user,repo,user:email,workflow...
2026-08-01 08:27:08.535 [info] Got 1 sessions for read:user,repo,user:email,workflow...
2026-08-01 08:27:08.619 [info] Getting sessions for all scopes...
2026-08-01 08:27:08.619 [info] Got 1 sessions for ...
2026-08-01 08:27:08.619 [info] Getting sessions for all scopes...
2026-08-01 08:27:08.619 [info] Got 1 sessions for ...
2026-08-01 08:27:08.738 [info] Getting sessions for all scopes...
2026-08-01 08:27:08.738 [info] Got 1 sessions for ...
2026-08-01 08:27:08.738 [info] Getting sessions for read:user,repo,user:email,workflow...
2026-08-01 08:27:08.738 [info] Got 1 sessions for read:user,repo,user:email,workflow...
2026-08-01 08:27:08.763 [info] Getting sessions for all scopes...
2026-08-01 08:27:08.763 [info] Got 1 sessions for ...
2026-08-01 08:27:08.764 [info] Getting sessions for read:user,repo,user:email,workflow...
2026-08-01 08:27:08.764 [info] Got 1 sessions for read:user,repo,user:email,workflow...
2026-08-01 08:27:08.961 [info] Getting sessions for all scopes...
2026-08-01 08:27:08.961 [info] Got 1 sessions for ...
2026-08-01 08:27:08.961 [info] Getting sessions for read:user,repo,user:email,workflow...
2026-08-01 08:27:08.961 [info] Got 1 sessions for read:user,repo,user:email,workflow...
2026-08-01 08:27:09.014 [info] Getting sessions for all scopes...
2026-08-01 08:27:09.014 [info] Got 1 sessions for ...
2026-08-01 08:27:09.015 [info] Getting sessions for read:user,repo,user:email,workflow...
2026-08-01 08:27:09.015 [info] Got 1 sessions for read:user,repo,user:email,workflow...
2026-08-01 08:27:09.018 [info] Getting sessions for all scopes...
2026-08-01 08:27:09.018 [info] Got 1 sessions for ...
2026-08-01 08:27:09.018 [info] Getting sessions for read:user,repo,user:email,workflow...
2026-08-01 08:27:09.018 [info] Got 1 sessions for read:user,repo,user:email,workflow...
2026-08-01 08:27:10.496 [info] Getting sessions for all scopes...
2026-08-01 08:27:10.496 [info] Got 1 sessions for ...
2026-08-01 08:27:10.496 [info] Getting sessions for all scopes...
2026-08-01 08:27:10.496 [info] Got 1 sessions for ...
2026-08-01 08:27:25.009 [info] Getting sessions for all scopes...
2026-08-01 08:27:25.009 [info] Got 1 sessions for ...
2026-08-01 08:27:25.009 [info] Getting sessions for all scopes...
2026-08-01 08:27:25.009 [info] Got 1 sessions for ...
2026-08-01 08:27:28.537 [info] Getting sessions for all scopes...
2026-08-01 08:27:28.538 [info] Got 1 sessions for ...
2026-08-01 08:27:28.538 [info] Getting sessions for all scopes...
2026-08-01 08:27:28.538 [info] Got 1 sessions for ...
2026-08-01 08:27:33.763 [info] Getting sessions for all scopes...
2026-08-01 08:27:33.763 [info] Got 1 sessions for ...
2026-08-01 08:27:33.763 [info] Getting sessions for all scopes...
2026-08-01 08:27:33.763 [info] Got 1 sessions for ...
2026-08-01 08:28:00.627 [info] Getting sessions for all scopes...
2026-08-01 08:28:00.627 [info] Got 1 sessions for ...
2026-08-01 08:28:00.627 [info] Getting sessions for all scopes...
2026-08-01 08:28:00.627 [info] Got 1 sessions for ...
2026-08-01 08:28:05.034 [info] Getting sessions for all scopes...
2026-08-01 08:28:05.034 [info] Got 1 sessions for ...
2026-08-01 08:28:05.034 [info] Getting sessions for all scopes...
2026-08-01 08:28:05.034 [info] Got 1 sessions for ...
2026-08-01 08:28:34.664 [info] Getting sessions for all scopes...
2026-08-01 08:28:34.664 [info] Got 1 sessions for ...
2026-08-01 08:28:34.664 [info] Getting sessions for all scopes...
2026-08-01 08:28:34.664 [info] Got 1 sessions for ...
2026-08-01 08:28:59.712 [info] Getting sessions for all scopes...
2026-08-01 08:28:59.712 [info] Got 1 sessions for ...
2026-08-01 08:28:59.712 [info] Getting sessions for all scopes...
2026-08-01 08:28:59.712 [info] Got 1 sessions for ...
2026-08-01 08:29:13.962 [info] Getting sessions for all scopes...
2026-08-01 08:29:13.962 [info] Got 1 sessions for ...
2026-08-01 08:29:13.962 [info] Getting sessions for all scopes...
2026-08-01 08:29:13.962 [info] Got 1 sessions for ...
2026-08-01 08:29:18.652 [info] Getting sessions for all scopes...
2026-08-01 08:29:18.652 [info] Got 1 sessions for ...
2026-08-01 08:29:18.652 [info] Getting sessions for read:user,repo,user:email,workflow...
2026-08-01 08:29:18.652 [info] Got 1 sessions for read:user,repo,user:email,workflow...
2026-08-01 08:29:29.856 [info] Getting sessions for all scopes...
2026-08-01 08:29:29.856 [info] Got 1 sessions for ...
2026-08-01 08:29:29.856 [info] Getting sessions for all scopes...
2026-08-01 08:29:29.856 [info] Got 1 sessions for ...
2026-08-01 08:31:14.597 [info] Getting sessions for all scopes...
2026-08-01 08:31:14.597 [info] Got 1 sessions for ...
2026-08-01 08:31:14.597 [info] Getting sessions for all scopes...
2026-08-01 08:31:14.597 [info] Got 1 sessions for ...
2026-08-01 08:32:04.700 [info] Getting sessions for all scopes...
2026-08-01 08:32:04.700 [info] Got 1 sessions for ...
2026-08-01 08:32:04.700 [info] Getting sessions for all scopes...
2026-08-01 08:32:04.700 [info] Got 1 sessions for ...
2026-08-01 08:32:27.883 [info] Getting sessions for all scopes...
2026-08-01 08:32:27.883 [info] Got 1 sessions for ...
2026-08-01 08:32:27.883 [info] Getting sessions for all scopes...
2026-08-01 08:32:27.883 [info] Got 1 sessions for ...
2026-08-01 08:32:41.139 [info] Reading sessions from keychain...
2026-08-01 08:32:41.139 [info] Got stored sessions!
2026-08-01 08:32:41.139 [info] Got 1 verified sessions.
2026-08-01 08:32:41.139 [info] Getting sessions for all scopes...
2026-08-01 08:32:41.139 [info] Got 1 sessions for ...
2026-08-01 08:32:41.139 [info] Getting sessions for all scopes...
2026-08-01 08:32:41.139 [info] Got 1 sessions for ...
2026-08-01 08:32:41.139 [info] Getting sessions for all scopes...
2026-08-01 08:32:41.139 [info] Got 1 sessions for ...
2026-08-01 08:32:41.178 [info] Getting sessions for all scopes...
2026-08-01 08:32:41.178 [info] Got 1 sessions for ...
2026-08-01 08:32:41.377 [info] Getting sessions for read:user,user:email...
2026-08-01 08:32:41.377 [info] Got 0 sessions for read:user,user:email...
2026-08-01 08:32:41.378 [info] Getting sessions for all scopes...
2026-08-01 08:32:41.378 [info] Got 1 sessions for ...
2026-08-01 08:32:41.398 [info] Getting sessions for repo...
2026-08-01 08:32:41.398 [info] Got 0 sessions for repo...
2026-08-01 08:32:41.398 [info] Getting sessions for all scopes...
2026-08-01 08:32:41.398 [info] Got 1 sessions for ...
2026-08-01 08:32:41.398 [info] Getting sessions for read:user,user:email...
2026-08-01 08:32:41.398 [info] Got 0 sessions for read:user,user:email...
2026-08-01 08:32:41.398 [info] Getting sessions for read:user,user:email...
2026-08-01 08:32:41.398 [info] Got 0 sessions for read:user,user:email...
2026-08-01 08:32:41.399 [info] Getting sessions for read:user,user:email...
2026-08-01 08:32:41.399 [info] Got 0 sessions for read:user,user:email...
2026-08-01 08:32:41.399 [info] Getting sessions for all scopes...
2026-08-01 08:32:41.399 [info] Got 1 sessions for ...
2026-08-01 08:32:41.399 [info] Getting sessions for all scopes...
2026-08-01 08:32:41.399 [info] Got 1 sessions for ...
2026-08-01 08:32:41.399 [info] Getting sessions for read:user,user:email...
2026-08-01 08:32:41.399 [info] Got 0 sessions for read:user,user:email...
2026-08-01 08:32:41.399 [info] Getting sessions for read:user,user:email...
2026-08-01 08:32:41.399 [info] Got 0 sessions for read:user,user:email...
2026-08-01 08:32:41.399 [info] Getting sessions for all scopes...
2026-08-01 08:32:41.399 [info] Got 1 sessions for ...
2026-08-01 08:32:41.400 [info] Getting sessions for read:user,user:email...
2026-08-01 08:32:41.400 [info] Got 0 sessions for read:user,user:email...
2026-08-01 08:32:41.400 [info] Getting sessions for read:user,user:email...
2026-08-01 08:32:41.400 [info] Got 0 sessions for read:user,user:email...
2026-08-01 08:32:41.400 [info] Getting sessions for repo...
2026-08-01 08:32:41.400 [info] Got 0 sessions for repo...
2026-08-01 08:32:41.400 [info] Getting sessions for repo...
2026-08-01 08:32:41.400 [info] Got 0 sessions for repo...
2026-08-01 08:32:41.400 [info] Getting sessions for all scopes...
2026-08-01 08:32:41.400 [info] Got 1 sessions for ...
2026-08-01 08:32:41.400 [info] Getting sessions for all scopes...
2026-08-01 08:32:41.400 [info] Got 1 sessions for ...
2026-08-01 08:32:41.400 [info] Getting sessions for repo...
2026-08-01 08:32:41.400 [info] Got 0 sessions for repo...
2026-08-01 08:32:41.400 [info] Getting sessions for all scopes...
2026-08-01 08:32:41.400 [info] Got 1 sessions for ...
2026-08-01 08:32:41.400 [info] Getting sessions for all scopes...
2026-08-01 08:32:41.400 [info] Got 1 sessions for ...
2026-08-01 08:32:41.400 [info] Getting sessions for all scopes...
2026-08-01 08:32:41.400 [info] Got 1 sessions for ...
2026-08-01 08:32:41.400 [info] Getting sessions for all scopes...
2026-08-01 08:32:41.400 [info] Got 1 sessions for ...
2026-08-01 08:32:41.400 [info] Getting sessions for repo...
2026-08-01 08:32:41.400 [info] Got 0 sessions for repo...
2026-08-01 08:32:41.400 [info] Getting sessions for repo...
2026-08-01 08:32:41.400 [info] Got 0 sessions for repo...
2026-08-01 08:32:41.400 [info] Getting sessions for all scopes...
2026-08-01 08:32:41.400 [info] Got 1 sessions for ...
2026-08-01 08:32:41.401 [info] Getting sessions for repo...
2026-08-01 08:32:41.401 [info] Got 0 sessions for repo...
2026-08-01 08:32:41.401 [info] Getting sessions for repo...
2026-08-01 08:32:41.401 [info] Got 0 sessions for repo...
2026-08-01 08:32:41.401 [info] Getting sessions for read:user,user:email...
2026-08-01 08:32:41.401 [info] Got 0 sessions for read:user,user:email...
2026-08-01 08:32:41.401 [info] Getting sessions for read:user,user:email...
2026-08-01 08:32:41.401 [info] Got 0 sessions for read:user,user:email...
2026-08-01 08:32:41.401 [info] Getting sessions for all scopes...
2026-08-01 08:32:41.401 [info] Got 1 sessions for ...
2026-08-01 08:32:41.401 [info] Getting sessions for all scopes...
2026-08-01 08:32:41.401 [info] Got 1 sessions for ...
2026-08-01 08:32:41.401 [info] Getting sessions for read:user,user:email...
2026-08-01 08:32:41.401 [info] Got 0 sessions for read:user,user:email...
2026-08-01 08:32:41.401 [info] Getting sessions for all scopes...
2026-08-01 08:32:41.401 [info] Got 1 sessions for ...
2026-08-01 08:32:41.401 [info] Getting sessions for all scopes...
2026-08-01 08:32:41.401 [info] Got 1 sessions for ...
2026-08-01 08:32:41.401 [info] Getting sessions for all scopes...
2026-08-01 08:32:41.401 [info] Got 1 sessions for ...
2026-08-01 08:32:41.401 [info] Getting sessions for all scopes...
2026-08-01 08:32:41.401 [info] Got 1 sessions for ...
2026-08-01 08:32:41.401 [info] Getting sessions for read:user,user:email...
2026-08-01 08:32:41.401 [info] Got 0 sessions for read:user,user:email...
2026-08-01 08:32:41.401 [info] Getting sessions for read:user,user:email...
2026-08-01 08:32:41.401 [info] Got 0 sessions for read:user,user:email...
2026-08-01 08:32:41.401 [info] Getting sessions for all scopes...
2026-08-01 08:32:41.401 [info] Got 1 sessions for ...
2026-08-01 08:32:41.401 [info] Getting sessions for read:user,user:email...
2026-08-01 08:32:41.401 [info] Got 0 sessions for read:user,user:email...
2026-08-01 08:32:41.401 [info] Getting sessions for repo...
2026-08-01 08:32:41.401 [info] Got 0 sessions for repo...
2026-08-01 08:32:41.401 [info] Getting sessions for repo...
2026-08-01 08:32:41.401 [info] Got 0 sessions for repo...
2026-08-01 08:32:41.401 [info] Getting sessions for all scopes...
2026-08-01 08:32:41.401 [info] Got 1 sessions for ...
2026-08-01 08:32:41.401 [info] Getting sessions for all scopes...
2026-08-01 08:32:41.401 [info] Got 1 sessions for ...
2026-08-01 08:32:41.401 [info] Getting sessions for repo...
2026-08-01 08:32:41.401 [info] Got 0 sessions for repo...
2026-08-01 08:32:41.401 [info] Getting sessions for all scopes...
2026-08-01 08:32:41.401 [info] Got 1 sessions for ...
2026-08-01 08:32:41.402 [info] Getting sessions for all scopes...
2026-08-01 08:32:41.402 [info] Got 1 sessions for ...
2026-08-01 08:32:41.402 [info] Getting sessions for all scopes...
2026-08-01 08:32:41.402 [info] Got 1 sessions for ...
2026-08-01 08:32:41.402 [info] Getting sessions for repo...
2026-08-01 08:32:41.402 [info] Got 0 sessions for repo...
2026-08-01 08:32:41.402 [info] Getting sessions for repo...
2026-08-01 08:32:41.402 [info] Got 0 sessions for repo...
2026-08-01 08:32:41.402 [info] Getting sessions for all scopes...
2026-08-01 08:32:41.402 [info] Got 1 sessions for ...
2026-08-01 08:32:41.402 [info] Getting sessions for repo...
2026-08-01 08:32:41.402 [info] Got 0 sessions for repo...
2026-08-01 08:32:41.402 [info] Getting sessions for all scopes...
2026-08-01 08:32:41.402 [info] Got 1 sessions for ...
2026-08-01 08:32:41.402 [info] Getting sessions for all scopes...
2026-08-01 08:32:41.402 [info] Got 1 sessions for ...
2026-08-01 08:32:41.402 [info] Getting sessions for all scopes...
2026-08-01 08:32:41.402 [info] Got 1 sessions for ...
2026-08-01 08:32:42.418 [info] FetcherService: Electron fetch failed with status: 429 
2026-08-01 08:32:42.423 [info] Unable to resolve optional EDU details. Status: 429 
2026-08-01 08:32:43.328 [info] Getting sessions for all scopes...
2026-08-01 08:32:43.328 [info] Got 1 sessions for ...
2026-08-01 08:32:45.345 [info] Getting sessions for read:user,user:email...
2026-08-01 08:32:45.345 [info] Got 0 sessions for read:user,user:email...
2026-08-01 08:32:45.348 [info] Getting sessions for all scopes...
2026-08-01 08:32:45.348 [info] Got 1 sessions for ...
2026-08-01 08:32:45.348 [info] Getting sessions for repo...
2026-08-01 08:32:45.348 [info] Got 0 sessions for repo...
2026-08-01 08:32:45.348 [info] Getting sessions for all scopes...
2026-08-01 08:32:45.348 [info] Got 1 sessions for ...
2026-08-01 08:32:45.348 [info] Getting sessions for read:user,user:email...
2026-08-01 08:32:45.348 [info] Got 0 sessions for read:user,user:email...
2026-08-01 08:32:45.348 [info] Getting sessions for all scopes...
2026-08-01 08:32:45.348 [info] Got 1 sessions for ...
2026-08-01 08:32:45.348 [info] Getting sessions for repo...
2026-08-01 08:32:45.348 [info] Got 0 sessions for repo...
2026-08-01 08:32:45.349 [info] Getting sessions for all scopes...
2026-08-01 08:32:45.349 [info] Got 1 sessions for ...
2026-08-01 08:33:25.079 [info] Getting sessions for all scopes...
2026-08-01 08:33:25.079 [info] Got 1 sessions for ...
2026-08-01 08:33:25.079 [info] Getting sessions for all scopes...
2026-08-01 08:33:25.079 [info] Got 1 sessions for ...
2026-08-01 08:35:47.226 [info] Getting sessions for all scopes...
2026-08-01 08:35:47.226 [info] Got 1 sessions for ...
2026-08-01 08:35:47.227 [info] Getting sessions for all scopes...
2026-08-01 08:35:47.227 [info] Got 1 sessions for ...
2026-08-01 08:35:59.427 [info] Getting sessions for all scopes...
2026-08-01 08:35:59.427 [info] Got 1 sessions for ...
2026-08-01 08:35:59.427 [info] Getting sessions for all scopes...
2026-08-01 08:35:59.427 [info] Got 1 sessions for ...
2026-08-01 08:36:26.081 [info] Getting sessions for all scopes...
2026-08-01 08:36:26.081 [info] Got 1 sessions for ...
2026-08-01 08:36:26.081 [info] Getting sessions for all scopes...
2026-08-01 08:36:26.081 [info] Got 1 sessions for ...
2026-08-01 08:37:47.106 [info] Getting sessions for all scopes...
2026-08-01 08:37:47.106 [info] Got 1 sessions for ...
2026-08-01 08:37:47.106 [info] Getting sessions for all scopes...
2026-08-01 08:37:47.106 [info] Got 1 sessions for ...
2026-08-01 08:38:04.225 [info] Getting sessions for all scopes...
2026-08-01 08:38:04.225 [info] Got 1 sessions for ...
2026-08-01 08:38:04.225 [info] Getting sessions for all scopes...
2026-08-01 08:38:04.225 [info] Got 1 sessions for ...
2026-08-01 08:38:33.112 [info] Getting sessions for all scopes...
2026-08-01 08:38:33.112 [info] Got 1 sessions for ...
2026-08-01 08:38:33.112 [info] Getting sessions for all scopes...
2026-08-01 08:38:33.112 [info] Got 1 sessions for ...
2026-08-01 08:38:46.196 [info] Getting sessions for all scopes...
2026-08-01 08:38:46.196 [info] Got 1 sessions for ...
2026-08-01 08:38:46.196 [info] Getting sessions for all scopes...
2026-08-01 08:38:46.196 [info] Got 1 sessions for ...
2026-08-01 08:56:31.855 [info] Getting sessions for all scopes...
2026-08-01 08:56:31.855 [info] Got 1 sessions for ...
2026-08-01 08:56:31.855 [info] Getting sessions for all scopes...
2026-08-01 08:56:31.855 [info] Got 1 sessions for ...
2026-08-01 09:56:31.955 [info] Getting sessions for all scopes...
2026-08-01 09:56:31.955 [info] Got 1 sessions for ...
2026-08-01 09:56:31.956 [info] Getting sessions for all scopes...
2026-08-01 09:56:31.956 [info] Got 1 sessions for ...
2026-08-01 09:56:33.769 [info] Getting sessions for read:user,user:email...
2026-08-01 09:56:33.769 [info] Got 0 sessions for read:user,user:email...
2026-08-01 09:56:33.769 [info] Getting sessions for read:user,user:email...
2026-08-01 09:56:33.769 [info] Got 0 sessions for read:user,user:email...
2026-08-01 09:56:33.769 [info] Getting sessions for all scopes...
2026-08-01 09:56:33.769 [info] Got 1 sessions for ...
2026-08-01 09:56:33.769 [info] Getting sessions for all scopes...
2026-08-01 09:56:33.769 [info] Got 1 sessions for ...
2026-08-01 09:56:33.769 [info] Getting sessions for repo...
2026-08-01 09:56:33.769 [info] Got 0 sessions for repo...
2026-08-01 09:56:33.769 [info] Getting sessions for repo...
2026-08-01 09:56:33.769 [info] Got 0 sessions for repo...
2026-08-01 09:56:33.769 [info] Getting sessions for all scopes...
2026-08-01 09:56:33.769 [info] Got 1 sessions for ...
2026-08-01 09:56:33.769 [info] Getting sessions for all scopes...
2026-08-01 09:56:33.769 [info] Got 1 sessions for ...
2026-08-01 09:56:33.769 [info] Getting sessions for read:user,user:email...
2026-08-01 09:56:33.769 [info] Got 0 sessions for read:user,user:email...
2026-08-01 09:56:33.769 [info] Getting sessions for read:user,user:email...
2026-08-01 09:56:33.769 [info] Got 0 sessions for read:user,user:email...
2026-08-01 09:56:33.769 [info] Getting sessions for all scopes...
2026-08-01 09:56:33.769 [info] Got 1 sessions for ...
2026-08-01 09:56:33.769 [info] Getting sessions for all scopes...
2026-08-01 09:56:33.769 [info] Got 1 sessions for ...
2026-08-01 09:56:33.770 [info] Getting sessions for repo...
2026-08-01 09:56:33.770 [info] Got 0 sessions for repo...
2026-08-01 09:56:33.770 [info] Getting sessions for repo...
2026-08-01 09:56:33.770 [info] Got 0 sessions for repo...
2026-08-01 09:56:33.770 [info] Getting sessions for all scopes...
2026-08-01 09:56:33.770 [info] Got 1 sessions for ...
2026-08-01 09:56:33.770 [info] Getting sessions for all scopes...
2026-08-01 09:56:33.770 [info] Got 1 sessions for ...
2026-08-01 10:56:33.869 [info] Getting sessions for all scopes...
2026-08-01 10:56:33.869 [info] Got 1 sessions for ...
2026-08-01 10:56:33.869 [info] Getting sessions for all scopes...
2026-08-01 10:56:33.869 [info] Got 1 sessions for ...
2026-08-01 10:56:35.835 [info] Getting sessions for read:user,user:email...
2026-08-01 10:56:35.835 [info] Got 0 sessions for read:user,user:email...
2026-08-01 10:56:35.835 [info] Getting sessions for read:user,user:email...
2026-08-01 10:56:35.835 [info] Got 0 sessions for read:user,user:email...
2026-08-01 10:56:35.836 [info] Getting sessions for all scopes...
2026-08-01 10:56:35.836 [info] Got 1 sessions for ...
2026-08-01 10:56:35.836 [info] Getting sessions for all scopes...
2026-08-01 10:56:35.836 [info] Got 1 sessions for ...
2026-08-01 10:56:35.836 [info] Getting sessions for repo...
2026-08-01 10:56:35.836 [info] Got 0 sessions for repo...
2026-08-01 10:56:35.836 [info] Getting sessions for repo...
2026-08-01 10:56:35.836 [info] Got 0 sessions for repo...
2026-08-01 10:56:35.836 [info] Getting sessions for all scopes...
2026-08-01 10:56:35.836 [info] Got 1 sessions for ...
2026-08-01 10:56:35.836 [info] Getting sessions for all scopes...
2026-08-01 10:56:35.836 [info] Got 1 sessions for ...
2026-08-01 10:56:35.836 [info] Getting sessions for read:user,user:email...
2026-08-01 10:56:35.836 [info] Got 0 sessions for read:user,user:email...
2026-08-01 10:56:35.836 [info] Getting sessions for read:user,user:email...
2026-08-01 10:56:35.836 [info] Got 0 sessions for read:user,user:email...
2026-08-01 10:56:35.836 [info] Getting sessions for all scopes...
2026-08-01 10:56:35.836 [info] Got 1 sessions for ...
2026-08-01 10:56:35.836 [info] Getting sessions for all scopes...
2026-08-01 10:56:35.836 [info] Got 1 sessions for ...
2026-08-01 10:56:35.836 [info] Getting sessions for repo...
2026-08-01 10:56:35.836 [info] Got 0 sessions for repo...
2026-08-01 10:56:35.836 [info] Getting sessions for repo...
2026-08-01 10:56:35.836 [info] Got 0 sessions for repo...
2026-08-01 10:56:35.836 [info] Getting sessions for all scopes...
2026-08-01 10:56:35.836 [info] Got 1 sessions for ...
2026-08-01 10:56:35.836 [info] Getting sessions for all scopes...
2026-08-01 10:56:35.836 [info] Got 1 sessions for ...
2026-08-01 11:50:37.089 [info] Getting sessions for all scopes...
2026-08-01 11:50:37.089 [info] Got 1 sessions for ...
2026-08-01 11:50:37.090 [info] Getting sessions for all scopes...
2026-08-01 11:50:37.090 [info] Got 1 sessions for ...
2026-08-01 11:52:11.569 [info] Getting sessions for all scopes...
2026-08-01 11:52:11.569 [info] Got 1 sessions for ...
2026-08-01 11:52:11.569 [info] Getting sessions for all scopes...
2026-08-01 11:52:11.569 [info] Got 1 sessions for ...
2026-08-01 11:53:26.743 [info] Getting sessions for all scopes...
2026-08-01 11:53:26.743 [info] Got 1 sessions for ...
2026-08-01 11:53:26.743 [info] Getting sessions for all scopes...
2026-08-01 11:53:26.743 [info] Got 1 sessions for ...
2026-08-01 11:53:39.277 [info] Getting sessions for all scopes...
2026-08-01 11:53:39.277 [info] Got 1 sessions for ...
2026-08-01 11:53:39.278 [info] Getting sessions for all scopes...
2026-08-01 11:53:39.278 [info] Got 1 sessions for ...
2026-08-01 11:53:44.678 [info] Getting sessions for all scopes...
2026-08-01 11:53:44.678 [info] Got 1 sessions for ...
2026-08-01 11:53:44.678 [info] Getting sessions for all scopes...
2026-08-01 11:53:44.678 [info] Got 1 sessions for ...
2026-08-01 12:01:49.766 [info] Getting sessions for all scopes...
2026-08-01 12:01:49.767 [info] Got 1 sessions for ...
2026-08-01 12:01:49.767 [info] Getting sessions for all scopes...
2026-08-01 12:01:49.767 [info] Got 1 sessions for ...
2026-08-01 12:01:51.574 [info] Getting sessions for read:user,user:email...
2026-08-01 12:01:51.574 [info] Got 0 sessions for read:user,user:email...
2026-08-01 12:01:51.575 [info] Getting sessions for read:user,user:email...
2026-08-01 12:01:51.575 [info] Got 0 sessions for read:user,user:email...
2026-08-01 12:01:51.575 [info] Getting sessions for all scopes...
2026-08-01 12:01:51.575 [info] Got 1 sessions for ...
2026-08-01 12:01:51.575 [info] Getting sessions for all scopes...
2026-08-01 12:01:51.575 [info] Got 1 sessions for ...
2026-08-01 12:01:51.575 [info] Getting sessions for repo...
2026-08-01 12:01:51.575 [info] Got 0 sessions for repo...
2026-08-01 12:01:51.575 [info] Getting sessions for repo...
2026-08-01 12:01:51.575 [info] Got 0 sessions for repo...
2026-08-01 12:01:51.575 [info] Getting sessions for all scopes...
2026-08-01 12:01:51.575 [info] Got 1 sessions for ...
2026-08-01 12:01:51.575 [info] Getting sessions for all scopes...
2026-08-01 12:01:51.575 [info] Got 1 sessions for ...
2026-08-01 12:01:51.575 [info] Getting sessions for read:user,user:email...
2026-08-01 12:01:51.575 [info] Got 0 sessions for read:user,user:email...
2026-08-01 12:01:51.575 [info] Getting sessions for read:user,user:email...
2026-08-01 12:01:51.575 [info] Got 0 sessions for read:user,user:email...
2026-08-01 12:01:51.575 [info] Getting sessions for all scopes...
2026-08-01 12:01:51.575 [info] Got 1 sessions for ...
2026-08-01 12:01:51.575 [info] Getting sessions for all scopes...
2026-08-01 12:01:51.575 [info] Got 1 sessions for ...
2026-08-01 12:01:51.575 [info] Getting sessions for repo...
2026-08-01 12:01:51.575 [info] Got 0 sessions for repo...
2026-08-01 12:01:51.576 [info] Getting sessions for repo...
2026-08-01 12:01:51.576 [info] Got 0 sessions for repo...
2026-08-01 12:01:51.576 [info] Getting sessions for all scopes...
2026-08-01 12:01:51.576 [info] Got 1 sessions for ...
2026-08-01 12:01:51.576 [info] Getting sessions for all scopes...
2026-08-01 12:01:51.576 [info] Got 1 sessions for ...
2026-08-01 12:02:34.940 [info] Getting sessions for all scopes...
2026-08-01 12:02:34.940 [info] Got 1 sessions for ...
2026-08-01 12:02:34.940 [info] Getting sessions for all scopes...
2026-08-01 12:02:34.940 [info] Got 1 sessions for ...
2026-08-01 12:02:38.892 [info] Getting sessions for all scopes...
2026-08-01 12:02:38.893 [info] Got 1 sessions for ...
2026-08-01 12:02:38.893 [info] Getting sessions for all scopes...
2026-08-01 12:02:38.893 [info] Got 1 sessions for ...
2026-08-01 12:04:48.210 [info] Getting sessions for all scopes...
2026-08-01 12:04:48.210 [info] Got 1 sessions for ...
2026-08-01 12:04:48.210 [info] Getting sessions for all scopes...
2026-08-01 12:04:48.210 [info] Got 1 sessions for ...
2026-08-01 12:05:14.624 [info] Getting sessions for all scopes...
2026-08-01 12:05:14.624 [info] Got 1 sessions for ...
2026-08-01 12:05:14.624 [info] Getting sessions for all scopes...
2026-08-01 12:05:14.624 [info] Got 1 sessions for ...
2026-08-01 12:05:29.401 [info] Getting sessions for all scopes...
2026-08-01 12:05:29.401 [info] Got 1 sessions for ...
2026-08-01 12:05:29.402 [info] Getting sessions for all scopes...
2026-08-01 12:05:29.402 [info] Got 1 sessions for ...
2026-08-01 12:05:33.358 [info] Getting sessions for all scopes...
2026-08-01 12:05:33.358 [info] Got 1 sessions for ...
2026-08-01 12:05:33.358 [info] Getting sessions for all scopes...
2026-08-01 12:05:33.358 [info] Got 1 sessions for ...
2026-08-01 12:05:42.696 [info] Getting sessions for all scopes...
2026-08-01 12:05:42.696 [info] Got 1 sessions for ...
2026-08-01 12:05:42.697 [info] Getting sessions for all scopes...
2026-08-01 12:05:42.697 [info] Got 1 sessions for ...
2026-08-01 12:05:52.096 [info] Getting sessions for all scopes...
2026-08-01 12:05:52.096 [info] Got 1 sessions for ...
2026-08-01 12:05:52.096 [info] Getting sessions for all scopes...
2026-08-01 12:05:52.096 [info] Got 1 sessions for ...
2026-08-01 12:06:00.938 [info] Getting sessions for all scopes...
2026-08-01 12:06:00.938 [info] Got 1 sessions for ...
2026-08-01 12:06:00.938 [info] Getting sessions for all scopes...
2026-08-01 12:06:00.938 [info] Got 1 sessions for ...
2026-08-01 12:06:38.305 [info] Getting sessions for all scopes...
2026-08-01 12:06:38.305 [info] Got 1 sessions for ...
2026-08-01 12:06:38.305 [info] Getting sessions for all scopes...
2026-08-01 12:06:38.305 [info] Got 1 sessions for ...
2026-08-01 12:10:14.614 [info] Getting sessions for all scopes...
2026-08-01 12:10:14.614 [info] Got 1 sessions for ...
2026-08-01 12:10:14.614 [info] Getting sessions for all scopes...
2026-08-01 12:10:14.614 [info] Got 1 sessions for ...
2026-08-01 12:10:24.645 [info] Getting sessions for all scopes...
2026-08-01 12:10:24.645 [info] Got 1 sessions for ...
2026-08-01 12:10:24.645 [info] Getting sessions for all scopes...
2026-08-01 12:10:24.645 [info] Got 1 sessions for ...
2026-08-01 12:10:27.619 [info] Getting sessions for all scopes...
2026-08-01 12:10:27.619 [info] Got 1 sessions for ...
2026-08-01 12:10:27.619 [info] Getting sessions for all scopes...
2026-08-01 12:10:27.619 [info] Got 1 sessions for ...
2026-08-01 12:10:29.171 [info] Getting sessions for all scopes...
2026-08-01 12:10:29.171 [info] Got 1 sessions for ...
2026-08-01 12:10:29.171 [info] Getting sessions for all scopes...
2026-08-01 12:10:29.171 [info] Got 1 sessions for ...
2026-08-01 12:10:43.724 [info] Getting sessions for all scopes...
2026-08-01 12:10:43.724 [info] Got 1 sessions for ...
2026-08-01 12:10:43.724 [info] Getting sessions for all scopes...
2026-08-01 12:10:43.724 [info] Got 1 sessions for ...
2026-08-01 12:12:58.738 [info] Getting sessions for all scopes...
2026-08-01 12:12:58.738 [info] Got 1 sessions for ...
2026-08-01 12:12:58.738 [info] Getting sessions for all scopes...
2026-08-01 12:12:58.738 [info] Got 1 sessions for ...
2026-08-01 12:13:03.281 [info] Getting sessions for all scopes...
2026-08-01 12:13:03.281 [info] Got 1 sessions for ...
2026-08-01 12:13:03.281 [info] Getting sessions for all scopes...
2026-08-01 12:13:03.281 [info] Got 1 sessions for ...
2026-08-01 12:13:06.001 [info] Getting sessions for all scopes...
2026-08-01 12:13:06.001 [info] Got 1 sessions for ...
2026-08-01 12:13:06.001 [info] Getting sessions for all scopes...
2026-08-01 12:13:06.001 [info] Got 1 sessions for ...
2026-08-01 12:13:20.080 [info] Getting sessions for all scopes...
2026-08-01 12:13:20.080 [info] Got 1 sessions for ...
2026-08-01 12:13:20.081 [info] Getting sessions for all scopes...
2026-08-01 12:13:20.081 [info] Got 1 sessions for ...
2026-08-01 12:13:28.761 [info] Getting sessions for all scopes...
2026-08-01 12:13:28.761 [info] Got 1 sessions for ...
2026-08-01 12:13:28.761 [info] Getting sessions for all scopes...
2026-08-01 12:13:28.761 [info] Got 1 sessions for ...
2026-08-01 12:14:07.495 [info] Getting sessions for all scopes...
2026-08-01 12:14:07.495 [info] Got 1 sessions for ...
2026-08-01 12:14:07.496 [info] Getting sessions for all scopes...
2026-08-01 12:14:07.496 [info] Got 1 sessions for ...
2026-08-01 12:14:22.047 [info] Getting sessions for all scopes...
2026-08-01 12:14:22.048 [info] Got 1 sessions for ...
2026-08-01 12:14:22.048 [info] Getting sessions for all scopes...
2026-08-01 12:14:22.048 [info] Got 1 sessions for ...
2026-08-01 12:14:47.630 [info] Getting sessions for all scopes...
2026-08-01 12:14:47.630 [info] Got 1 sessions for ...
2026-08-01 12:14:47.630 [info] Getting sessions for all scopes...
2026-08-01 12:14:47.630 [info] Got 1 sessions for ...
2026-08-01 12:15:44.134 [info] Getting sessions for all scopes...
2026-08-01 12:15:44.134 [info] Got 1 sessions for ...
2026-08-01 12:15:44.135 [info] Getting sessions for all scopes...
2026-08-01 12:15:44.135 [info] Got 1 sessions for ...
2026-08-01 12:15:45.494 [info] Getting sessions for all scopes...
2026-08-01 12:15:45.494 [info] Got 1 sessions for ...
2026-08-01 12:15:45.494 [info] Getting sessions for all scopes...
2026-08-01 12:15:45.494 [info] Got 1 sessions for ...
2026-08-01 12:16:03.462 [info] Getting sessions for all scopes...
2026-08-01 12:16:03.462 [info] Got 1 sessions for ...
2026-08-01 12:16:03.462 [info] Getting sessions for all scopes...
2026-08-01 12:16:03.462 [info] Got 1 sessions for ...
2026-08-01 12:16:11.174 [info] Getting sessions for all scopes...
2026-08-01 12:16:11.174 [info] Got 1 sessions for ...
2026-08-01 12:16:11.174 [info] Getting sessions for all scopes...
2026-08-01 12:16:11.174 [info] Got 1 sessions for ...
2026-08-01 12:16:36.461 [info] Getting sessions for all scopes...
2026-08-01 12:16:36.461 [info] Got 1 sessions for ...
2026-08-01 12:16:36.461 [info] Getting sessions for all scopes...
2026-08-01 12:16:36.461 [info] Got 1 sessions for ...
2026-08-01 12:16:38.184 [info] Getting sessions for all scopes...
2026-08-01 12:16:38.184 [info] Got 1 sessions for ...
2026-08-01 12:16:38.184 [info] Getting sessions for all scopes...
2026-08-01 12:16:38.184 [info] Got 1 sessions for ...
